/*C29*/SET SCHEMA PUBLIC
DISCONNECT
/*C30*/SET SCHEMA PUBLIC
DISCONNECT
/*C32*/SET SCHEMA PUBLIC
DELETE FROM PRODUTOS WHERE CODIGO=1
INSERT INTO PRODUTOS VALUES(1,'Lapis',100,5.55,'2023-02-28')
COMMIT
/*C33*/SET SCHEMA PUBLIC
DISCONNECT
/*C32*/DISCONNECT
/*C31*/SET SCHEMA PUBLIC
DISCONNECT
/*C34*/SET SCHEMA PUBLIC
DISCONNECT
/*C35*/SET SCHEMA PUBLIC
DISCONNECT
/*C36*/SET SCHEMA PUBLIC
DISCONNECT
/*C37*/SET SCHEMA PUBLIC
DISCONNECT
/*C39*/SET SCHEMA PUBLIC
INSERT INTO PRODUTOS VALUES(8,'Marca texto',100,10.00,'2023-04-25')
COMMIT
/*C41*/SET SCHEMA PUBLIC
DISCONNECT
/*C39*/DISCONNECT
/*C40*/SET SCHEMA PUBLIC
DISCONNECT
/*C38*/SET SCHEMA PUBLIC
DISCONNECT
/*C43*/SET SCHEMA PUBLIC
DELETE FROM PRODUTOS WHERE CODIGO=1
INSERT INTO PRODUTOS VALUES(1,'Lapis',100,5.55,'2023-02-23')
COMMIT
/*C49*/SET SCHEMA PUBLIC
INSERT INTO PRODUTOS VALUES(9,'Apagador',20,14.00,'2023-04-25')
COMMIT
/*C54*/SET SCHEMA PUBLIC
DELETE FROM PRODUTOS WHERE CODIGO=9
INSERT INTO PRODUTOS VALUES(9,'Apagador',99,16.00,'2023-04-25')
COMMIT
/*C56*/SET SCHEMA PUBLIC
DELETE FROM PRODUTOS WHERE CODIGO=9
COMMIT
